[2026-02-12T09:32:39.963Z] Server script started
[2026-02-12T09:33:23.996Z] Server script started
[2026-02-12T09:33:24.001Z] Importing express...
[2026-02-12T09:33:24.253Z] Importing cors...
[2026-02-12T09:33:24.258Z] Importing dotenv...
[2026-02-12T09:33:24.261Z] Importing connectDB...
[2026-02-12T09:33:24.737Z] Importing routes...
[2026-02-12T09:33:24.801Z] Imported offerRoutes
[2026-02-12T09:33:48.325Z] Server script started
[2026-02-12T09:33:48.327Z] Importing express...
[2026-02-12T09:33:48.518Z] Importing cors...
[2026-02-12T09:33:48.523Z] Importing dotenv...
[2026-02-12T09:33:48.526Z] Importing connectDB...
[2026-02-12T09:33:49.033Z] Importing routes...
[2026-02-12T09:33:49.094Z] Imported offerRoutes
[2026-02-12T09:33:49.099Z] Imported employeeRoutes
[2026-02-12T09:33:49.108Z] Imported documentRoutes
[2026-02-12T09:33:49.112Z] Imported onboardingRoutes
[2026-02-12T09:33:49.117Z] Imported taskRoutes
[2026-02-12T09:33:49.122Z] Imported jobRoutes
[2026-02-12T09:33:49.127Z] Imported candidateRoutes
[2026-02-12T09:33:49.130Z] All modules imported
[2026-02-12T09:33:49.141Z] Server running on port 5000
[2026-02-12T09:34:37.988Z] Server script started
[2026-02-12T09:34:37.989Z] Importing express...
[2026-02-12T09:34:38.280Z] Importing cors...
[2026-02-12T09:34:38.294Z] Importing dotenv...
[2026-02-12T09:34:38.301Z] Importing connectDB...
[2026-02-12T09:34:39.252Z] Importing routes...
[2026-02-12T09:34:39.336Z] Imported offerRoutes
[2026-02-12T09:34:39.359Z] Imported employeeRoutes
[2026-02-12T09:34:39.369Z] Imported documentRoutes
[2026-02-12T09:34:39.372Z] Imported onboardingRoutes
[2026-02-12T09:34:39.379Z] Imported taskRoutes
[2026-02-12T09:34:39.383Z] Imported jobRoutes
[2026-02-12T09:34:39.391Z] Imported candidateRoutes
[2026-02-12T09:34:39.396Z] All modules imported
[2026-02-12T09:34:39.411Z] Server running on port 5000
[2026-02-12T09:34:39.412Z] [DB] Connecting to MongoDB...
[2026-02-12T09:34:41.071Z] [DB] MongoDB Connected
[2026-02-12T09:35:09.431Z] [DB] Connecting to MongoDB...
[2026-02-12T09:35:12.740Z] [DB] MongoDB Connected
