[2026-02-23T04:11:53.595Z] Server script starting...
[2026-02-23T04:12:17.500Z] Server script starting...
[2026-02-23T04:12:17.502Z] Importing offerRoutes...
[2026-02-23T04:12:17.544Z] Importing employeeRoutes...
[2026-02-23T04:12:17.555Z] Importing documentRoutes...
[2026-02-23T04:12:17.559Z] Importing onboardingRoutes...
[2026-02-23T04:12:17.561Z] Importing taskRoutes...
[2026-02-23T04:12:17.564Z] Importing jobRoutes...
[2026-02-23T04:12:17.568Z] Importing candidateRoutes...
[2026-02-23T04:12:17.570Z] Importing notificationRoutes...
[2026-02-23T04:12:17.571Z] Importing authRoutes...
[2026-02-23T04:12:17.634Z] Importing payrollRoutes...
[2026-02-23T04:12:17.638Z] Importing performanceRoutes...
[2026-02-23T04:12:17.640Z] Importing engagementRoutes...
[2026-02-23T04:12:17.646Z] Importing settingsRoutes...
[2026-02-23T04:12:17.649Z] Importing dashboardRoutes...
[2026-02-23T04:12:17.653Z] Importing leaveRoutes...
[2026-02-23T04:12:17.655Z] All modules imported
[2026-02-23T04:12:34.657Z] Server script starting...
[2026-02-23T04:12:34.660Z] Importing offerRoutes...
[2026-02-23T04:12:34.703Z] Importing employeeRoutes...
[2026-02-23T04:12:34.712Z] Importing documentRoutes...
[2026-02-23T04:12:34.716Z] Importing onboardingRoutes...
[2026-02-23T04:12:34.719Z] Importing taskRoutes...
[2026-02-23T04:12:34.720Z] Importing jobRoutes...
[2026-02-23T04:12:34.725Z] Importing candidateRoutes...
[2026-02-23T04:12:34.726Z] Importing notificationRoutes...
[2026-02-23T04:12:34.728Z] Importing authRoutes...
[2026-02-23T04:12:34.794Z] Importing payrollRoutes...
[2026-02-23T04:12:34.800Z] Importing performanceRoutes...
[2026-02-23T04:12:34.802Z] Importing engagementRoutes...
[2026-02-23T04:12:34.807Z] Importing settingsRoutes...
[2026-02-23T04:12:34.810Z] Importing dashboardRoutes...
[2026-02-23T04:12:34.814Z] Importing leaveRoutes...
[2026-02-23T04:12:34.816Z] All modules imported
[2026-02-23T04:12:34.820Z] Attempting to listen on port 5000...
[2026-02-23T04:12:34.823Z] Server running on port 5000
[2026-02-23T04:12:34.824Z] Connecting to DB...
[2026-02-23T04:12:36.123Z] DB Connected successfully
